******************************************************************************
                  TI ARM Linker PC v20.2.0                     
******************************************************************************
>> Linked Mon Jun  1 21:48:26 2020

OUTPUT FILE NAME:   <P1.out>
ENTRY POINT SYMBOL: "_c_int00_noargs"  address: 00002925


MEMORY CONFIGURATION

         name            origin    length      used     unused   attr    fill
----------------------  --------  ---------  --------  --------  ----  --------
  MAIN                  00000000   00040000  00002b9d  0003d463  R  X
  INFO                  00200000   00004000  00000000  00004000  R  X
  SRAM_CODE             01000000   00010000  00000214  0000fdec  RW X
  SRAM_DATA             20000000   00010000  00000214  0000fdec  RW  


SEGMENT ALLOCATION MAP

run origin  load origin   length   init length attrs members
----------  ----------- ---------- ----------- ----- -------
00000000    00000000    00002ba0   00002ba0    r-x
  00000000    00000000    000000e4   000000e4    r-- .intvecs
  000000e4    000000e4    00002980   00002980    r-x .text
  00002a64    00002a64    00000101   00000101    r-- .const
  00002b68    00002b68    00000038   00000038    r-- .cinit
20000000    20000000    00000014   00000000    rw-
  20000000    20000000    0000000c   00000000    rw- .data
  2000000c    2000000c    00000008   00000000    rw- .bss
2000fe00    2000fe00    00000200   00000000    rw-
  2000fe00    2000fe00    00000200   00000000    rw- .stack


SECTION ALLOCATION MAP

 output                                  attributes/
section   page    origin      length       input sections
--------  ----  ----------  ----------   ----------------
.intvecs   0    00000000    000000e4     
                  00000000    000000e4     startup_msp432p401r_ccs.obj (.intvecs:retain)

.text      0    000000e4    00002980     
                  000000e4    00000a4e     rtsv7M4_T_le_v4SPD16_eabi.lib : _printfi.c.obj (.text:__TI_printfi)
                  00000b32    00000002                                   : div0.asm.obj (.text)
                  00000b34    00000478     main.obj (.text)
                  00000fac    00000334     system_msp432p401r.obj (.text)
                  000012e0    00000270     rtsv7M4_T_le_v4SPD16_eabi.lib : _printfi.c.obj (.text:_pconv_a)
                  00001550    0000021c     LCD.obj (.text)
                  0000176c    000001d0     rtsv7M4_T_le_v4SPD16_eabi.lib : _printfi.c.obj (.text:_pconv_g)
                  0000193c    000001b6                                   : fd_add_t2.asm.obj (.text)
                  00001af2    00000002     --HOLE-- [fill = 0]
                  00001af4    00000194     keypad.obj (.text)
                  00001c88    0000013c     rtsv7M4_T_le_v4SPD16_eabi.lib : _printfi.c.obj (.text:_pconv_e)
                  00001dc4    00000136                                   : fd_div_t2.asm.obj (.text)
                  00001efa    00000002     --HOLE-- [fill = 0]
                  00001efc    00000124                                   : _printfi.c.obj (.text:fcvt)
                  00002020    00000110                                   : s_scalbn.c.obj (.text:scalbn)
                  00002130    000000fc                                   : fd_mul_t2.asm.obj (.text)
                  0000222c    000000b1                                   : _printfi.c.obj (.text:_ltostr)
                  000022dd    00000001     --HOLE-- [fill = 0]
                  000022de    0000009c                                   : memcpy_t2.asm.obj (.text)
                  0000237a    00000096                                   : ull_div_t2.asm.obj (.text)
                  00002410    00000086                                   : fd_cmp_t2.asm.obj (.text:__aeabi_cdcmple)
                  00002496    00000086                                   : fd_cmp_t2.asm.obj (.text:__aeabi_cdrcmple)
                  0000251c    0000007a                                   : memset_t2.asm.obj (.text)
                  00002596    0000006e                                   : _printfi.c.obj (.text:_mcpy)
                  00002604    00000068                                   : copy_decompress_lzss.c.obj (.text:decompress:lzss:__TI_decompress_lzss)
                  0000266c    00000064                                   : s_frexp.c.obj (.text:frexp)
                  000026d0    00000056                                   : _printfi.c.obj (.text:_pconv_f)
                  00002726    00000054                                   : _ltoa.c.obj (.text:__TI_ltoa)
                  0000277a    00000052                                   : _printfi.c.obj (.text:_ecpy)
                  000027cc    0000004c                                   : atoi.c.obj (.text:atoi)
                  00002818    00000048                                   : fd_toi_t2.asm.obj (.text)
                  00002860    00000044                                   : autoinit.c.obj (.text:__TI_auto_init_nobinit_nopinit:__TI_auto_init_nobinit_nopinit)
                  000028a4    00000040                                   : sprintf.c.obj (.text:sprintf)
                  000028e4    0000003e                                   : _printfi.c.obj (.text:_fcpy)
                  00002922    00000002     --HOLE-- [fill = 0]
                  00002924    00000034                                   : boot_cortex_m.c.obj (.text:_c_int00_noargs:_c_int00_noargs)
                  00002958    0000002e                                   : i_tofd_t2.asm.obj (.text)
                  00002986    0000001c                                   : copy_zero_init.c.obj (.text:decompress:ZI:__TI_zero_init_nomemset:__TI_zero_init_nomemset)
                  000029a2    0000001c                                   : memccpy.c.obj (.text:memccpy)
                  000029be    0000001a                                   : s_copysign.c.obj (.text:copysign)
                  000029d8    00000018                                   : sprintf.c.obj (.text:_outs)
                  000029f0    00000016                                   : strchr.c.obj (.text:strchr)
                  00002a06    00000014                                   : strlen.c.obj (.text:strlen)
                  00002a1a    00000012                                   : wcslen.c.obj (.text:wcslen)
                  00002a2c    0000000e                                   : copy_decompress_none.c.obj (.text:decompress:none:__TI_decompress_none)
                  00002a3a    0000000e     startup_msp432p401r_ccs.obj (.text)
                  00002a48    0000000a     rtsv7M4_T_le_v4SPD16_eabi.lib : sprintf.c.obj (.text:_outc)
                  00002a52    00000002     --HOLE-- [fill = 0]
                  00002a54    00000008                                   : errno.c.obj (.text:__aeabi_errno_addr)
                  00002a5c    00000004                                   : pre_init.c.obj (.text:_system_pre_init)
                  00002a60    00000004                                   : exit.c.obj (.text:abort:abort)

.const     0    00002a64    00000101     
                  00002a64    00000101     rtsv7M4_T_le_v4SPD16_eabi.lib : ctype.c.obj (.const:.string:_ctypes_)

.cinit     0    00002b68    00000038     
                  00002b68    0000000f     (.cinit..data.load) [load image, compression = lzss]
                  00002b77    00000001     --HOLE-- [fill = 0]
                  00002b78    0000000c     (__TI_handler_table)
                  00002b84    00000004     --HOLE-- [fill = 0]
                  00002b88    00000008     (.cinit..bss.load) [load image, compression = zero_init]
                  00002b90    00000010     (__TI_cinit_table)

.init_array 
*          0    00000000    00000000     UNINITIALIZED

.binit     0    00000000    00000000     

.data      0    20000000    0000000c     UNINITIALIZED
                  20000000    00000004     main.obj (.data:code)
                  20000004    00000004     rtsv7M4_T_le_v4SPD16_eabi.lib : errno.c.obj (.data)
                  20000008    00000004     system_msp432p401r.obj (.data)

.bss       0    2000000c    00000008     UNINITIALIZED
                  2000000c    00000004     (.common:input)
                  20000010    00000004     (.common:new_code)

.stack     0    2000fe00    00000200     UNINITIALIZED
                  2000fe00    00000004     rtsv7M4_T_le_v4SPD16_eabi.lib : boot_cortex_m.c.obj (.stack)
                  2000fe04    000001fc     --HOLE--

__llvm_prf_cnts 
*          0    20000000    00000000     UNINITIALIZED

MODULE SUMMARY

       Module                        code    ro data   rw data
       ------                        ----    -------   -------
    .\
       main.obj                      1144    0         24     
       system_msp432p401r.obj        820     0         8      
       LCD.obj                       540     0         0      
       keypad.obj                    404     0         0      
       startup_msp432p401r_ccs.obj   14      228       0      
    +--+-----------------------------+-------+---------+---------+
       Total:                        2922    228       32     
                                                              
    C:\ti\ccs1000\ccs\tools\compiler\ti-cgt-arm_20.2.0.LTS\lib\rtsv7M4_T_le_v4SPD16_eabi.lib
       _printfi.c.obj                4851    0         0      
       fd_add_t2.asm.obj             438     0         0      
       fd_div_t2.asm.obj             310     0         0      
       s_scalbn.c.obj                272     0         0      
       fd_cmp_t2.asm.obj             268     0         0      
       ctype.c.obj                   0       257       0      
       fd_mul_t2.asm.obj             252     0         0      
       memcpy_t2.asm.obj             156     0         0      
       ull_div_t2.asm.obj            150     0         0      
       memset_t2.asm.obj             122     0         0      
       copy_decompress_lzss.c.obj    104     0         0      
       s_frexp.c.obj                 100     0         0      
       sprintf.c.obj                 98      0         0      
       _ltoa.c.obj                   84      0         0      
       atoi.c.obj                    76      0         0      
       fd_toi_t2.asm.obj             72      0         0      
       autoinit.c.obj                68      0         0      
       boot_cortex_m.c.obj           52      0         0      
       i_tofd_t2.asm.obj             46      0         0      
       copy_zero_init.c.obj          28      0         0      
       memccpy.c.obj                 28      0         0      
       s_copysign.c.obj              26      0         0      
       strchr.c.obj                  22      0         0      
       strlen.c.obj                  20      0         0      
       wcslen.c.obj                  18      0         0      
       errno.c.obj                   8       0         8      
       copy_decompress_none.c.obj    14      0         0      
       exit.c.obj                    4       0         0      
       pre_init.c.obj                4       0         0      
       div0.asm.obj                  2       0         0      
    +--+-----------------------------+-------+---------+---------+
       Total:                        7693    257       8      
                                                              
       Stack:                        0       0         1024   
       Linker Generated:             0       51        0      
    +--+-----------------------------+-------+---------+---------+
       Grand Total:                  10615   536       1064   


LINKER GENERATED COPY TABLES

__TI_cinit_table @ 00002b90 records: 2, size/record: 8, table size: 16
	.data: load addr=00002b68, load size=0000000f bytes, run addr=20000000, run size=0000000c bytes, compression=lzss
	.bss: load addr=00002b88, load size=00000008 bytes, run addr=2000000c, run size=00000008 bytes, compression=zero_init


LINKER GENERATED HANDLER TABLE

__TI_handler_table @ 00002b78 records: 3, size/record: 4, table size: 12
	index: 0, handler: __TI_decompress_lzss
	index: 1, handler: __TI_decompress_none
	index: 2, handler: __TI_zero_init


GLOBAL SYMBOLS: SORTED ALPHABETICALLY BY Name 

address   name                          
-------   ----                          
00002a47  ADC14_IRQHandler              
00002a47  AES256_IRQHandler             
00002a47  BusFault_Handler              
00002a61  C$$EXIT                       
00002a47  COMP_E0_IRQHandler            
00002a47  COMP_E1_IRQHandler            
00002a47  CS_IRQHandler                 
000016a9  Clear_LCD                     
00002a47  DMA_ERR_IRQHandler            
00002a47  DMA_INT0_IRQHandler           
00002a47  DMA_INT1_IRQHandler           
00002a47  DMA_INT2_IRQHandler           
00002a47  DMA_INT3_IRQHandler           
00002a47  DebugMon_Handler              
00002a47  Default_Handler               
00002a47  EUSCIA0_IRQHandler            
00002a47  EUSCIA1_IRQHandler            
00002a47  EUSCIA2_IRQHandler            
00002a47  EUSCIA3_IRQHandler            
00002a47  EUSCIB0_IRQHandler            
00002a47  EUSCIB1_IRQHandler            
00002a47  EUSCIB2_IRQHandler            
00002a47  EUSCIB3_IRQHandler            
00002a47  FLCTL_IRQHandler              
00002a47  FPU_IRQHandler                
00002a47  HardFault_Handler             
000016c3  Home_LCD                      
00001645  LCD_command                   
0000167f  LCD_data                      
0000158d  LCD_init                      
000015ed  LCD_nibble_write              
00001707  Line_two_LCD                  
00002a47  MemManage_Handler             
00002a47  NMI_Handler                   
00002a47  PCM_IRQHandler                
00002a47  PORT1_IRQHandler              
00002a47  PORT2_IRQHandler              
00002a47  PORT3_IRQHandler              
00002a47  PORT4_IRQHandler              
00002a47  PORT5_IRQHandler              
00002a47  PORT6_IRQHandler              
00002a47  PSS_IRQHandler                
00002a47  PendSV_Handler                
00002a47  RTC_C_IRQHandler              
00002a3b  Reset_Handler                 
00002a47  SVC_Handler                   
00002a47  SysTick_Handler               
20000008  SystemCoreClock               
00000fad  SystemCoreClockUpdate         
00001225  SystemInit                    
00002a47  T32_INT1_IRQHandler           
00002a47  T32_INT2_IRQHandler           
00002a47  T32_INTC_IRQHandler           
00002a47  TA0_0_IRQHandler              
00002a47  TA0_N_IRQHandler              
00002a47  TA1_0_IRQHandler              
00002a47  TA1_N_IRQHandler              
00002a47  TA2_0_IRQHandler              
00002a47  TA2_N_IRQHandler              
00002a47  TA3_0_IRQHandler              
00002a47  TA3_N_IRQHandler              
00002a47  UsageFault_Handler            
4000480c  WDTCTL_SYM                    
00002a47  WDT_A_IRQHandler              
000016dd  Write_char_LCD                
00001721  Write_string_LCD              
20010000  __STACK_END                   
00000200  __STACK_SIZE                  
00002b90  __TI_CINIT_Base               
00002ba0  __TI_CINIT_Limit              
00002b78  __TI_Handler_Table_Base       
00002b84  __TI_Handler_Table_Limit      
00002861  __TI_auto_init_nobinit_nopinit
00002605  __TI_decompress_lzss          
00002a2d  __TI_decompress_none          
00002727  __TI_ltoa                     
ffffffff  __TI_pprof_out_hndl           
000000e5  __TI_printfi                  
ffffffff  __TI_prof_data_size           
ffffffff  __TI_prof_data_start          
00000000  __TI_static_base__            
00002987  __TI_zero_init_nomemset       
00002411  __aeabi_cdcmpeq               
00002411  __aeabi_cdcmple               
00002497  __aeabi_cdrcmple              
00002819  __aeabi_d2iz                  
00001947  __aeabi_dadd                  
00001dc5  __aeabi_ddiv                  
00002131  __aeabi_dmul                  
0000193d  __aeabi_dsub                  
00002a55  __aeabi_errno_addr            
00002959  __aeabi_i2d                   
00000b33  __aeabi_idiv0                 
00000b33  __aeabi_ldiv0                 
0000251d  __aeabi_memclr                
0000251d  __aeabi_memclr4               
0000251d  __aeabi_memclr8               
000022df  __aeabi_memcpy                
000022df  __aeabi_memcpy4               
000022df  __aeabi_memcpy8               
0000251f  __aeabi_memset                
0000251f  __aeabi_memset4               
0000251f  __aeabi_memset8               
0000237b  __aeabi_uldivmod              
ffffffff  __binit__                     
ffffffff  __c_args__                    
UNDEFED   __mpu_init                    
2000fe00  __stack                       
20000000  __start___llvm_prf_cnts       
20000000  __stop___llvm_prf_cnts        
00002925  _c_int00_noargs               
00002a64  _ctypes_                      
UNDEFED   _system_post_cinit            
00002a5d  _system_pre_init              
00002a61  abort                         
000027cd  atoi                          
ffffffff  binit                         
00000f0b  check                         
20000000  code                          
000029bf  copysign                      
000029bf  copysignl                     
00001551  delayMs                       
20000004  errno                         
0000266d  frexp                         
0000266d  frexpl                        
2000000c  input                         
00001c3d  int_to_char                   
00000000  interruptVectors              
00001b17  keypad_getkey                 
00001af5  keypad_init                   
00002021  ldexp                         
00002021  ldexpl                        
00000b35  main                          
000029a3  memccpy                       
000022df  memcpy                        
00002525  memset                        
20000010  new_code                      
00002021  scalbn                        
00002021  scalbnl                       
00000f47  set_code                      
000028a5  sprintf                       
000029f1  strchr                        
00002a07  strlen                        
00002a1b  wcslen                        


GLOBAL SYMBOLS: SORTED BY Symbol Address 

address   name                          
-------   ----                          
00000000  __TI_static_base__            
00000000  interruptVectors              
000000e5  __TI_printfi                  
00000200  __STACK_SIZE                  
00000b33  __aeabi_idiv0                 
00000b33  __aeabi_ldiv0                 
00000b35  main                          
00000f0b  check                         
00000f47  set_code                      
00000fad  SystemCoreClockUpdate         
00001225  SystemInit                    
00001551  delayMs                       
0000158d  LCD_init                      
000015ed  LCD_nibble_write              
00001645  LCD_command                   
0000167f  LCD_data                      
000016a9  Clear_LCD                     
000016c3  Home_LCD                      
000016dd  Write_char_LCD                
00001707  Line_two_LCD                  
00001721  Write_string_LCD              
0000193d  __aeabi_dsub                  
00001947  __aeabi_dadd                  
00001af5  keypad_init                   
00001b17  keypad_getkey                 
00001c3d  int_to_char                   
00001dc5  __aeabi_ddiv                  
00002021  ldexp                         
00002021  ldexpl                        
00002021  scalbn                        
00002021  scalbnl                       
00002131  __aeabi_dmul                  
000022df  __aeabi_memcpy                
000022df  __aeabi_memcpy4               
000022df  __aeabi_memcpy8               
000022df  memcpy                        
0000237b  __aeabi_uldivmod              
00002411  __aeabi_cdcmpeq               
00002411  __aeabi_cdcmple               
00002497  __aeabi_cdrcmple              
0000251d  __aeabi_memclr                
0000251d  __aeabi_memclr4               
0000251d  __aeabi_memclr8               
0000251f  __aeabi_memset                
0000251f  __aeabi_memset4               
0000251f  __aeabi_memset8               
00002525  memset                        
00002605  __TI_decompress_lzss          
0000266d  frexp                         
0000266d  frexpl                        
00002727  __TI_ltoa                     
000027cd  atoi                          
00002819  __aeabi_d2iz                  
00002861  __TI_auto_init_nobinit_nopinit
000028a5  sprintf                       
00002925  _c_int00_noargs               
00002959  __aeabi_i2d                   
00002987  __TI_zero_init_nomemset       
000029a3  memccpy                       
000029bf  copysign                      
000029bf  copysignl                     
000029f1  strchr                        
00002a07  strlen                        
00002a1b  wcslen                        
00002a2d  __TI_decompress_none          
00002a3b  Reset_Handler                 
00002a47  ADC14_IRQHandler              
00002a47  AES256_IRQHandler             
00002a47  BusFault_Handler              
00002a47  COMP_E0_IRQHandler            
00002a47  COMP_E1_IRQHandler            
00002a47  CS_IRQHandler                 
00002a47  DMA_ERR_IRQHandler            
00002a47  DMA_INT0_IRQHandler           
00002a47  DMA_INT1_IRQHandler           
00002a47  DMA_INT2_IRQHandler           
00002a47  DMA_INT3_IRQHandler           
00002a47  DebugMon_Handler              
00002a47  Default_Handler               
00002a47  EUSCIA0_IRQHandler            
00002a47  EUSCIA1_IRQHandler            
00002a47  EUSCIA2_IRQHandler            
00002a47  EUSCIA3_IRQHandler            
00002a47  EUSCIB0_IRQHandler            
00002a47  EUSCIB1_IRQHandler            
00002a47  EUSCIB2_IRQHandler            
00002a47  EUSCIB3_IRQHandler            
00002a47  FLCTL_IRQHandler              
00002a47  FPU_IRQHandler                
00002a47  HardFault_Handler             
00002a47  MemManage_Handler             
00002a47  NMI_Handler                   
00002a47  PCM_IRQHandler                
00002a47  PORT1_IRQHandler              
00002a47  PORT2_IRQHandler              
00002a47  PORT3_IRQHandler              
00002a47  PORT4_IRQHandler              
00002a47  PORT5_IRQHandler              
00002a47  PORT6_IRQHandler              
00002a47  PSS_IRQHandler                
00002a47  PendSV_Handler                
00002a47  RTC_C_IRQHandler              
00002a47  SVC_Handler                   
00002a47  SysTick_Handler               
00002a47  T32_INT1_IRQHandler           
00002a47  T32_INT2_IRQHandler           
00002a47  T32_INTC_IRQHandler           
00002a47  TA0_0_IRQHandler              
00002a47  TA0_N_IRQHandler              
00002a47  TA1_0_IRQHandler              
00002a47  TA1_N_IRQHandler              
00002a47  TA2_0_IRQHandler              
00002a47  TA2_N_IRQHandler              
00002a47  TA3_0_IRQHandler              
00002a47  TA3_N_IRQHandler              
00002a47  UsageFault_Handler            
00002a47  WDT_A_IRQHandler              
00002a55  __aeabi_errno_addr            
00002a5d  _system_pre_init              
00002a61  C$$EXIT                       
00002a61  abort                         
00002a64  _ctypes_                      
00002b78  __TI_Handler_Table_Base       
00002b84  __TI_Handler_Table_Limit      
00002b90  __TI_CINIT_Base               
00002ba0  __TI_CINIT_Limit              
20000000  __start___llvm_prf_cnts       
20000000  __stop___llvm_prf_cnts        
20000000  code                          
20000004  errno                         
20000008  SystemCoreClock               
2000000c  input                         
20000010  new_code                      
2000fe00  __stack                       
20010000  __STACK_END                   
4000480c  WDTCTL_SYM                    
ffffffff  __TI_pprof_out_hndl           
ffffffff  __TI_prof_data_size           
ffffffff  __TI_prof_data_start          
ffffffff  __binit__                     
ffffffff  __c_args__                    
ffffffff  binit                         
UNDEFED   __mpu_init                    
UNDEFED   _system_post_cinit            

[144 symbols]
